HardwareMJPEGDecoder.hpp:62:22:virtual uint32_t HardwareMJPEGDecoder::getCurrentFrameNumber() const	0	static
HardwareMJPEGDecoder.hpp:75:23:virtual MJPEGDecoder::AVIErrors HardwareMJPEGDecoder::getLastError()	0	static
HardwareMJPEGDecoder.cpp:290:6:virtual bool HardwareMJPEGDecoder::hasVideo()	0	static
HardwareMJPEGDecoder.cpp:486:10:virtual uint32_t HardwareMJPEGDecoder::getNumberOfFrames()	0	static
HardwareMJPEGDecoder.cpp:491:6:virtual void HardwareMJPEGDecoder::setRepeatVideo(bool)	0	static
HardwareMJPEGDecoder.cpp:496:6:virtual void HardwareMJPEGDecoder::getVideoInfo(touchgfx::VideoInformation*)	8	static
HardwareMJPEGDecoder.hpp:45:7:HardwareMJPEGDecoder::~HardwareMJPEGDecoder()	0	static
HardwareMJPEGDecoder.cpp:460:6:virtual bool HardwareMJPEGDecoder::decodeThumbnail(uint32_t, uint8_t*, uint16_t, uint16_t)	8	static
HardwareMJPEGDecoder.hpp:45:7:virtual HardwareMJPEGDecoder::~HardwareMJPEGDecoder()	8	static
HardwareMJPEGDecoder.cpp:98:1:HardwareMJPEGDecoder::HardwareMJPEGDecoder()	16	static
HardwareMJPEGDecoder.cpp:115:5:int HardwareMJPEGDecoder::compare(uint32_t, const char*, uint32_t)	8	static
HardwareMJPEGDecoder.cpp:130:17:uint32_t HardwareMJPEGDecoder::getU32(uint32_t)	8	static
HardwareMJPEGDecoder.cpp:145:17:uint32_t HardwareMJPEGDecoder::getU16(uint32_t)	0	static
HardwareMJPEGDecoder.cpp:160:16:const uint8_t* HardwareMJPEGDecoder::readData(uint32_t, uint32_t)	16	static
HardwareMJPEGDecoder.cpp:235:6:virtual bool HardwareMJPEGDecoder::gotoNextFrame()	32	static
HardwareMJPEGDecoder.cpp:466:6:virtual void HardwareMJPEGDecoder::gotoFrame(uint32_t)	16	static
HardwareMJPEGDecoder.cpp:295:6:void HardwareMJPEGDecoder::readVideoHeader()	24	static
HardwareMJPEGDecoder.cpp:272:6:virtual void HardwareMJPEGDecoder::setVideoData(const uint8_t*, uint32_t)	0	static
HardwareMJPEGDecoder.cpp:281:6:virtual void HardwareMJPEGDecoder::setVideoData(touchgfx::VideoDataReader&)	8	static
HardwareMJPEGDecoder.cpp:513:14:uint32_t JPEG_Decode_DMA(JPEG_HandleTypeDef*, uint8_t*, uint32_t, uint8_t*)	24	static
HardwareMJPEGDecoder.cpp:544:10:void HAL_JPEG_InfoReadyCallback(JPEG_HandleTypeDef*, JPEG_ConfTypeDef*)	8	static
HardwareMJPEGDecoder.cpp:606:10:void HAL_JPEG_GetDataCallback(JPEG_HandleTypeDef*, uint32_t)	8	static
HardwareMJPEGDecoder.cpp:625:10:void HAL_JPEG_DataReadyCallback(JPEG_HandleTypeDef*, uint8_t*, uint32_t)	24	static
HardwareMJPEGDecoder.cpp:653:10:void HAL_JPEG_ErrorCallback(JPEG_HandleTypeDef*)	0	static
HardwareMJPEGDecoder.cpp:666:10:void HAL_JPEG_DecodeCpltCallback(JPEG_HandleTypeDef*)	0	static
HardwareMJPEGDecoder.cpp:678:10:uint32_t JPEG_OutputHandler(JPEG_HandleTypeDef*, touchgfx::DMA_Interface&)	32	static
HardwareMJPEGDecoder.cpp:397:6:void HardwareMJPEGDecoder::decodeMJPEGFrame(const uint8_t*, uint32_t, uint8_t*, uint16_t, uint16_t, uint32_t)	24	static
HardwareMJPEGDecoder.cpp:183:6:virtual bool HardwareMJPEGDecoder::decodeNextFrame(uint8_t*, uint16_t, uint16_t, uint32_t)	56	static
HardwareMJPEGDecoder.cpp:436:6:virtual bool HardwareMJPEGDecoder::decodeFrame(const touchgfx::Rect&, uint8_t*, uint32_t)	24	static
HardwareMJPEGDecoder.cpp:732:6:void DMA2D_CopyBuffer(External_DMA2D_JobTypeDef&)	20	static
HardwareMJPEGDecoder.cpp:778:6:void DMA2D_ExternalJobCompleted(External_DMA2D_JobTypeDef&)	0	static
HardwareMJPEGDecoder.cpp:798:1:cpp)	0	static
