Drawable.hpp:121:18:virtual void touchgfx::Drawable::invalidateContent() const	0	static
Drawable.hpp:147:23:virtual touchgfx::Drawable* touchgfx::Drawable::getFirstChild()	0	static
Drawable.hpp:315:18:virtual void touchgfx::Drawable::setX(int16_t)	0	static
Drawable.hpp:327:18:virtual void touchgfx::Drawable::setY(int16_t)	0	static
Drawable.hpp:356:18:virtual void touchgfx::Drawable::setWidth(int16_t)	0	static
Drawable.hpp:368:18:virtual void touchgfx::Drawable::setHeight(int16_t)	0	static
Drawable.hpp:378:18:virtual void touchgfx::Drawable::childGeometryChanged()	0	static
Drawable.hpp:389:18:virtual void touchgfx::Drawable::handleClickEvent(const touchgfx::ClickEvent&)	0	static
Drawable.hpp:401:18:virtual void touchgfx::Drawable::handleGestureEvent(const touchgfx::GestureEvent&)	0	static
Drawable.hpp:490:18:virtual void touchgfx::Drawable::handleDragEvent(const touchgfx::DragEvent&)	0	static
Drawable.hpp:501:18:virtual void touchgfx::Drawable::handleTickEvent()	0	static
Drawable.hpp:588:18:virtual void touchgfx::Drawable::moveTo(int16_t, int16_t)	4	static
Drawable.hpp:703:18:virtual void touchgfx::Drawable::setupDrawChain(const touchgfx::Rect&, touchgfx::Drawable**)	0	static
HAL.hpp:124:18:virtual void touchgfx::HAL::setDisplayOrientation(touchgfx::DisplayOrientation)	0	static
HAL.hpp:670:18:virtual bool touchgfx::HAL::sampleKey(uint8_t&)	0	static
HAL.hpp:737:18:virtual void touchgfx::HAL::setAnimationStorage(void*)	0	static
HAL.hpp:876:30:virtual touchgfx::FlashDataReader* touchgfx::HAL::getFlashDataReader() const	0	static
HAL.hpp:1025:18:virtual void touchgfx::HAL::taskDelay(uint16_t)	0	static
HAL.hpp:1052:22:virtual uint16_t touchgfx::HAL::getTFTCurrentLine()	0	static
HAL.hpp:1063:21:virtual touchgfx::DMAType touchgfx::HAL::getDMAType()	0	static
Widget.hpp:45:18:virtual void touchgfx::Widget::getLastChild(int16_t, int16_t, touchgfx::Drawable**)	0	static
AbstractPainter.hpp:61:34:virtual touchgfx::HAL::RenderingMethod touchgfx::AbstractPainter::getRenderingMethod() const	0	static
AbstractPainter.hpp:78:18:virtual bool touchgfx::AbstractPainter::setup(const touchgfx::Rect&) const	0	static
AbstractPainter.hpp:90:18:virtual void touchgfx::AbstractPainter::tearDown() const	0	static
CanvasWidget.hpp:66:18:virtual void touchgfx::CanvasWidget::setAlpha(uint8_t)	0	static
CanvasWidget.hpp:72:21:virtual uint8_t touchgfx::CanvasWidget::getAlpha() const	0	static
CanvasWidget.hpp:118:18:virtual touchgfx::Rect touchgfx::CanvasWidget::getMinimalRect() const	8	static
CanvasWidget.hpp:134:18:virtual touchgfx::Rect touchgfx::CanvasWidget::getSolidRect() const	0	static
CWRVectorRenderer.hpp:64:18:virtual void touchgfx::CWRVectorRenderer::setMode(touchgfx::VectorRenderer::DrawMode)	0	static
CWRVectorRenderer.hpp:69:18:virtual void touchgfx::CWRVectorRenderer::setStrokeMiterLimit(float)	0	static
CWRVectorRenderer.hpp:74:18:virtual void touchgfx::CWRVectorRenderer::setStrokeLineJoin(touchgfx::VGStrokeLineJoin)	0	static
CWRVectorRenderer.hpp:79:18:virtual void touchgfx::CWRVectorRenderer::setStrokeLineCap(touchgfx::VGStrokeLineCap)	0	static
CWRVectorRenderer.hpp:191:22:virtual bool touchgfx::CWRVectorRenderer::CanvasWidgetProxy::drawCanvasWidget(const touchgfx::Rect&) const	0	static
CWRVectorRenderer.hpp:302:44:virtual touchgfx::AbstractPainterLinearGradient& touchgfx::CWRVectorRendererRGB565::getLinearPainter()	0	static
CWRVectorRenderer.hpp:307:35:virtual touchgfx::AbstractPainterColor& touchgfx::CWRVectorRendererRGB565::getColorPainterColor()	0	static
CWRVectorRenderer.hpp:312:30:virtual touchgfx::AbstractPainter& touchgfx::CWRVectorRendererRGB565::getColorPainter()	0	static
TouchGFXGeneratedHAL.cpp:85:6:virtual void TouchGFXGeneratedHAL::configureInterrupts()	0	static
TouchGFXGeneratedHAL.cpp:103:6:virtual void TouchGFXGeneratedHAL::enableLCDControllerInterrupt()	0	static
TouchGFXGeneratedHAL.cpp:129:11:virtual uint16_t* TouchGFXGeneratedHAL::getTFTFrameBuffer() const	0	static
TouchGFXGeneratedHAL.cpp:134:6:virtual void TouchGFXGeneratedHAL::setTFTFrameBuffer(uint16_t*)	0	static
DedicatedBufferVideoController.hpp:246:18:void DedicatedBufferController<no_streams, width, height, stride, output_format>::setRGBBuffer(uint8_t*, size_t) [with long unsigned int no_streams = 1; long unsigned int width = 480; long unsigned int height = 288; long unsigned int stride = 960; touchgfx::Bitmap::BitmapFormat output_format = (touchgfx::Bitmap::BitmapFormat)0]	0	static
DedicatedBufferVideoController.hpp:49:7:DedicatedBufferController<1, 480, 288, 960, (touchgfx::Bitmap::BitmapFormat)0>::~DedicatedBufferController()	0	static
CWRVectorRenderer.hpp:300:7:touchgfx::CWRVectorRendererRGB565::~CWRVectorRendererRGB565()	0	static
CWRVectorRenderer.hpp:189:11:touchgfx::CWRVectorRenderer::CanvasWidgetProxy::~CanvasWidgetProxy()	0	static
TouchGFXGeneratedHAL.hpp:30:7:TouchGFXGeneratedHAL::~TouchGFXGeneratedHAL()	0	static
HardwareMJPEGDecoder.hpp:45:7:HardwareMJPEGDecoder::~HardwareMJPEGDecoder()	0	static
DedicatedBufferVideoController.hpp:153:18:void DedicatedBufferController<no_streams, width, height, stride, output_format>::setVideoData(touchgfx::VideoController::Handle, touchgfx::VideoDataReader&) [with long unsigned int no_streams = 1; long unsigned int width = 480; long unsigned int height = 288; long unsigned int stride = 960; touchgfx::Bitmap::BitmapFormat output_format = (touchgfx::Bitmap::BitmapFormat)0]	0	static
TouchGFXGeneratedHAL.hpp:30:7:virtual TouchGFXGeneratedHAL::~TouchGFXGeneratedHAL()	8	static
DedicatedBufferVideoController.hpp:49:7:virtual DedicatedBufferController<1, 480, 288, 960, (touchgfx::Bitmap::BitmapFormat)0>::~DedicatedBufferController()	8	static
CWRVectorRenderer.hpp:189:11:virtual touchgfx::CWRVectorRenderer::CanvasWidgetProxy::~CanvasWidgetProxy()	8	static
CWRVectorRenderer.hpp:300:7:virtual touchgfx::CWRVectorRendererRGB565::~CWRVectorRendererRGB565()	8	static
HAL.hpp:720:18:virtual void touchgfx::HAL::setFrameBufferStartAddresses(void*, void*, void*)	8	static
HAL.hpp:156:18:virtual void touchgfx::HAL::setFrameBufferSize(uint16_t, uint16_t)	8	static
DedicatedBufferVideoController.hpp:366:18:bool DedicatedBufferController<no_streams, width, height, stride, output_format>::getIsPlaying(touchgfx::VideoController::Handle) [with long unsigned int no_streams = 1; long unsigned int width = 480; long unsigned int height = 288; long unsigned int stride = 960; touchgfx::Bitmap::BitmapFormat output_format = (touchgfx::Bitmap::BitmapFormat)0]	8	static
DedicatedBufferVideoController.hpp:360:18:void DedicatedBufferController<no_streams, width, height, stride, output_format>::getVideoInformation(touchgfx::VideoController::Handle, touchgfx::VideoInformation*) [with long unsigned int no_streams = 1; long unsigned int width = 480; long unsigned int height = 288; long unsigned int stride = 960; touchgfx::Bitmap::BitmapFormat output_format = (touchgfx::Bitmap::BitmapFormat)0]	8	static
DedicatedBufferVideoController.hpp:119:22:uint32_t DedicatedBufferController<no_streams, width, height, stride, output_format>::getCurrentFrameNumber(touchgfx::VideoController::Handle) [with long unsigned int no_streams = 1; long unsigned int width = 480; long unsigned int height = 288; long unsigned int stride = 960; touchgfx::Bitmap::BitmapFormat output_format = (touchgfx::Bitmap::BitmapFormat)0]	8	static
DedicatedBufferVideoController.hpp:142:18:void DedicatedBufferController<no_streams, width, height, stride, output_format>::setVideoData(touchgfx::VideoController::Handle, const uint8_t*, uint32_t) [with long unsigned int no_streams = 1; long unsigned int width = 480; long unsigned int height = 288; long unsigned int stride = 960; touchgfx::Bitmap::BitmapFormat output_format = (touchgfx::Bitmap::BitmapFormat)0]	16	static
DedicatedBufferVideoController.hpp:126:18:void DedicatedBufferController<no_streams, width, height, stride, output_format>::setFrameRate(touchgfx::VideoController::Handle, uint32_t, uint32_t) [with long unsigned int no_streams = 1; long unsigned int width = 480; long unsigned int height = 288; long unsigned int stride = 960; touchgfx::Bitmap::BitmapFormat output_format = (touchgfx::Bitmap::BitmapFormat)0]	8	static
TouchGFXGeneratedHAL.cpp:67:6:virtual void TouchGFXGeneratedHAL::initialize()	16	static
TouchGFXGeneratedHAL.cpp:114:6:virtual bool TouchGFXGeneratedHAL::beginFrame()	0	static
TouchGFXGeneratedHAL.cpp:142:6:virtual void TouchGFXGeneratedHAL::flushFrameBuffer(const touchgfx::Rect&)	0	static
TouchGFXGeneratedHAL.cpp:147:6:virtual bool TouchGFXGeneratedHAL::blockCopy(void*, const void*, uint32_t)	0	static
DedicatedBufferVideoController.hpp:232:18:void DedicatedBufferController<no_streams, width, height, stride, output_format>::draw(touchgfx::VideoController::Handle, const touchgfx::Rect&, const touchgfx::VideoWidget&) [with long unsigned int no_streams = 1; long unsigned int width = 480; long unsigned int height = 288; long unsigned int stride = 960; touchgfx::Bitmap::BitmapFormat output_format = (touchgfx::Bitmap::BitmapFormat)0]	8	static
DedicatedBufferVideoController.hpp:96:18:void DedicatedBufferController<no_streams, width, height, stride, output_format>::unregisterVideoWidget(touchgfx::VideoController::Handle) [with long unsigned int no_streams = 1; long unsigned int width = 480; long unsigned int height = 288; long unsigned int stride = 960; touchgfx::Bitmap::BitmapFormat output_format = (touchgfx::Bitmap::BitmapFormat)0]	16	static
HAL.hpp:638:18:virtual void touchgfx::HAL::backPorchExited()	8	static
TouchGFXGeneratedHAL.hpp:106:18:virtual void TouchGFXGeneratedHAL::flushFrameBuffer()	0	static
HAL.hpp:320:28:virtual touchgfx::BlitOperations touchgfx::HAL::getBlitCaps()	0	static
HAL.hpp:1162:18:virtual void touchgfx::HAL::performDisplayOrientationChange()	8	static
TouchGFXGeneratedHAL.cpp:152:6:virtual void TouchGFXGeneratedHAL::InvalidateCache()	20	static
TouchGFXGeneratedHAL.cpp:152:6:virtual void TouchGFXGeneratedHAL::InvalidateCache()	0	static
TouchGFXGeneratedHAL.cpp:164:6:virtual void TouchGFXGeneratedHAL::FlushCache()	0	static
DedicatedBufferVideoController.hpp:158:18:void DedicatedBufferController<no_streams, width, height, stride, output_format>::setCommand(touchgfx::VideoController::Handle, touchgfx::VideoController::Command, uint32_t) [with long unsigned int no_streams = 1; long unsigned int width = 480; long unsigned int height = 288; long unsigned int stride = 960; touchgfx::Bitmap::BitmapFormat output_format = (touchgfx::Bitmap::BitmapFormat)0]	8	static
DedicatedBufferVideoController.hpp:204:18:bool DedicatedBufferController<no_streams, width, height, stride, output_format>::updateFrame(touchgfx::VideoController::Handle, touchgfx::VideoWidget&) [with long unsigned int no_streams = 1; long unsigned int width = 480; long unsigned int height = 288; long unsigned int stride = 960; touchgfx::Bitmap::BitmapFormat output_format = (touchgfx::Bitmap::BitmapFormat)0]	8	static
TouchGFXGeneratedHAL.cpp:119:6:virtual void TouchGFXGeneratedHAL::endFrame()	8	static
TouchGFXGeneratedHAL.cpp:91:6:virtual void TouchGFXGeneratedHAL::enableInterrupts()	0	static
TouchGFXGeneratedHAL.cpp:97:6:virtual void TouchGFXGeneratedHAL::disableInterrupts()	0	static
DedicatedBufferVideoController.hpp:67:20:touchgfx::VideoController::Handle DedicatedBufferController<no_streams, width, height, stride, output_format>::registerVideoWidget(touchgfx::VideoWidget&) [with long unsigned int no_streams = 1; long unsigned int width = 480; long unsigned int height = 288; long unsigned int stride = 960; touchgfx::Bitmap::BitmapFormat output_format = (touchgfx::Bitmap::BitmapFormat)0]	16	static
AbstractPainterRGB565.hpp:41:5:touchgfx::AbstractPainterRGB565::AbstractPainterRGB565()	16	static
TouchGFXGeneratedHAL.cpp:37:18:static touchgfx::VideoController& touchgfx::VideoController::getInstance()	0	static
TouchGFXGeneratedHAL.cpp:44:17:static touchgfx::VectorRenderer* touchgfx::VectorRenderer::getInstance()	16	static
TouchGFXGeneratedHAL.cpp:183:10:void HAL_LTDC_LineEventCallback(LTDC_HandleTypeDef*)	8	static
DedicatedBufferVideoController.hpp:293:10:void DedicatedBufferController<no_streams, width, height, stride, output_format>::decoderTaskEntry() [with long unsigned int no_streams = 1; long unsigned int width = 480; long unsigned int height = 288; long unsigned int stride = 960; touchgfx::Bitmap::BitmapFormat output_format = (touchgfx::Bitmap::BitmapFormat)0]	40	static
TouchGFXGeneratedHAL.cpp:176:17:void videoTaskFunc(void*)	8	static
HardwareMJPEGDecoder.hpp:45:7:virtual HardwareMJPEGDecoder::~HardwareMJPEGDecoder()	8	static
TouchGFXGeneratedHAL.cpp:213:1:cpp)	16	static
