ModelListener.hpp:20:18:virtual void ModelListener::updateDetailsScreen(OBDQueueElement_t*)	0	static
HomeScreenPresenter.hpp:30:13:HomeScreenPresenter::~HomeScreenPresenter()	0	static
HomeScreenPresenter.cpp:10:6:virtual void HomeScreenPresenter::activate()	0	static
HomeScreenPresenter.hpp:30:13:virtual HomeScreenPresenter::~HomeScreenPresenter()	8	static
HomeScreenPresenter.cpp:20:6:virtual void HomeScreenPresenter::updateHomeScreen(OBDQueueElement_t*)	0	static
HomeScreenPresenter.hpp:30:13:virtual void* HomeScreenPresenter::_ZThn4_N19HomeScreenPresenterD1Ev()	0	static
HomeScreenPresenter.cpp:4:1:HomeScreenPresenter::HomeScreenPresenter(HomeScreenView&)	8	static
HomeScreenPresenter.cpp:45:6:void HomeScreenPresenter::saveSpeed(uint32_t)	0	static
HomeScreenPresenter.cpp:50:6:void HomeScreenPresenter::saveRPM(uint32_t)	0	static
HomeScreenPresenter.cpp:55:10:uint32_t HomeScreenPresenter::getRPM()	0	static
HomeScreenPresenter.cpp:60:10:uint32_t HomeScreenPresenter::getSpeed()	0	static
