ModelListener.hpp:21:18:virtual void ModelListener::updateHomeScreen(OBDQueueElement_t*)	0	static
DetailsScreenPresenter.hpp:30:13:DetailsScreenPresenter::~DetailsScreenPresenter()	0	static
DetailsScreenPresenter.cpp:10:6:virtual void DetailsScreenPresenter::activate()	0	static
DetailsScreenPresenter.hpp:30:13:virtual DetailsScreenPresenter::~DetailsScreenPresenter()	8	static
DetailsScreenPresenter.cpp:20:6:virtual void DetailsScreenPresenter::updateDetailsScreen(OBDQueueElement_t*)	0	static
DetailsScreenPresenter.hpp:30:13:virtual void* DetailsScreenPresenter::_ZThn4_N22DetailsScreenPresenterD1Ev()	0	static
DetailsScreenPresenter.cpp:4:1:DetailsScreenPresenter::DetailsScreenPresenter(DetailsScreenView&)	8	static
