../../TouchGFX/gui/include/gui/model/ModelListener.hpp:20:18:virtual void ModelListener::updateDetailsScreen(OBDQueueElement_t*)	0	static
../../TouchGFX/gui/include/gui/homescreen_screen/HomeScreenPresenter.hpp:30:13:HomeScreenPresenter::~HomeScreenPresenter()	0	static
C:/TouchGFXProjects/rAId/TouchGFX/gui/src/homescreen_screen/HomeScreenPresenter.cpp:10:6:virtual void HomeScreenPresenter::activate()	0	static
../../TouchGFX/gui/include/gui/homescreen_screen/HomeScreenPresenter.hpp:30:13:virtual HomeScreenPresenter::~HomeScreenPresenter()	8	static
C:/TouchGFXProjects/rAId/TouchGFX/gui/src/homescreen_screen/HomeScreenPresenter.cpp:20:6:virtual void HomeScreenPresenter::updateHomeScreen(OBDQueueElement_t*)	0	static
../../TouchGFX/gui/include/gui/homescreen_screen/HomeScreenPresenter.hpp:30:13:virtual void* HomeScreenPresenter::_ZThn4_N19HomeScreenPresenterD1Ev()	0	static
../../TouchGFX/gui/include/gui/homescreen_screen/HomeScreenPresenter.hpp:30:13:virtual void* HomeScreenPresenter::_ZThn4_N19HomeScreenPresenterD0Ev()	16	static
../../TouchGFX/gui/include/gui/homescreen_screen/HomeScreenPresenter.hpp:34:7:virtual void HomeScreenPresenter::_ZThn4_N19HomeScreenPresenter16updateHomeScreenEP17OBDQueueElement_t(OBDQueueElement_t*)	0	static
C:/TouchGFXProjects/rAId/TouchGFX/gui/src/homescreen_screen/HomeScreenPresenter.cpp:4:1:HomeScreenPresenter::HomeScreenPresenter(HomeScreenView&)	4	static
C:/TouchGFXProjects/rAId/TouchGFX/gui/src/homescreen_screen/HomeScreenPresenter.cpp:45:6:void HomeScreenPresenter::saveSpeed(uint32_t)	0	static
C:/TouchGFXProjects/rAId/TouchGFX/gui/src/homescreen_screen/HomeScreenPresenter.cpp:50:6:void HomeScreenPresenter::saveRPM(uint32_t)	0	static
C:/TouchGFXProjects/rAId/TouchGFX/gui/src/homescreen_screen/HomeScreenPresenter.cpp:55:10:uint32_t HomeScreenPresenter::getRPM()	0	static
C:/TouchGFXProjects/rAId/TouchGFX/gui/src/homescreen_screen/HomeScreenPresenter.cpp:60:10:uint32_t HomeScreenPresenter::getSpeed()	0	static
