../../TouchGFX/gui/include/gui/model/ModelListener.hpp:20:18:virtual void ModelListener::updateDetailsScreen(OBDQueueElement_t*)	0	static
../../TouchGFX/gui/include/gui/model/ModelListener.hpp:21:18:virtual void ModelListener::updateHomeScreen(OBDQueueElement_t*)	0	static
C:/TouchGFXProjects/rAId/TouchGFX/gui/src/model/Model.cpp:12:1:Model::Model()	8	static
C:/TouchGFXProjects/rAId/TouchGFX/gui/src/model/Model.cpp:18:6:void Model::tick()	8	static
C:/TouchGFXProjects/rAId/TouchGFX/gui/src/model/Model.cpp:28:10:uint32_t Model::getSpeed()	0	static
C:/TouchGFXProjects/rAId/TouchGFX/gui/src/model/Model.cpp:33:10:uint32_t Model::getRPM()	0	static
C:/TouchGFXProjects/rAId/TouchGFX/gui/src/model/Model.cpp:38:6:void Model::setSpeed(uint32_t)	0	static
C:/TouchGFXProjects/rAId/TouchGFX/gui/src/model/Model.cpp:43:6:void Model::setRPM(uint32_t)	0	static
