../../TouchGFX/gui/include/gui/model/ModelListener.hpp:20:18:virtual void ModelListener::updateDetailsScreen(OBDQueueElement_t*)	0	static
../../TouchGFX/gui/include/gui/model/ModelListener.hpp:21:18:virtual void ModelListener::updateHomeScreen(OBDQueueElement_t*)	0	static
C:/TouchGFXProjects/rAId/TouchGFX/gui/src/model/Model.cpp:16:1:Model::Model()	8	static
C:/TouchGFXProjects/rAId/TouchGFX/gui/src/model/Model.cpp:26:6:void Model::tick()	8	static
C:/TouchGFXProjects/rAId/TouchGFX/gui/src/model/Model.cpp:36:10:uint32_t Model::getSpeed()	0	static
C:/TouchGFXProjects/rAId/TouchGFX/gui/src/model/Model.cpp:41:10:uint32_t Model::getRPM()	0	static
C:/TouchGFXProjects/rAId/TouchGFX/gui/src/model/Model.cpp:46:6:void Model::setSpeed(uint32_t)	16	static
C:/TouchGFXProjects/rAId/TouchGFX/gui/src/model/Model.cpp:53:6:void Model::setRPM(uint32_t)	16	static
C:/TouchGFXProjects/rAId/TouchGFX/gui/src/model/Model.cpp:60:6:void Model::setEngLoad(uint32_t)	16	static
C:/TouchGFXProjects/rAId/TouchGFX/gui/src/model/Model.cpp:67:6:void Model::setOilTemp(uint32_t)	16	static
