C:/TouchGFXProjects/rAId/Core/Src/main.c:718:6:ReceiveMessageTask	48	static
C:/TouchGFXProjects/rAId/Core/Src/main.c:799:6:SendQueryTask	8	static
C:/TouchGFXProjects/rAId/Core/Src/main.c:845:6:ReceiveDataTask	24	static
C:/TouchGFXProjects/rAId/Core/Src/main.c:885:6:StartDefaultTask	8	static
C:/TouchGFXProjects/rAId/Core/Src/main.c:864:6:SendDataToUARTTask	16	static
C:/TouchGFXProjects/rAId/Core/Src/main.c:979:6:HAL_TIM_PeriodElapsedCallback	0	static
C:/TouchGFXProjects/rAId/Core/Src/main.c:996:6:Error_Handler	8	static
C:/TouchGFXProjects/rAId/Core/Src/main.c:305:6:SystemClock_Config	136	static
C:/TouchGFXProjects/rAId/Core/Src/main.c:165:5:main	168	static,ignoring_inline_asm
