C:/TouchGFXProjects/rAId/Core/Src/main.c:718:6:ReceiveMessageTask	12
C:/TouchGFXProjects/rAId/Core/Src/main.c:799:6:SendQueryTask	1
C:/TouchGFXProjects/rAId/Core/Src/main.c:845:6:ReceiveDataTask	5
C:/TouchGFXProjects/rAId/Core/Src/main.c:885:6:StartDefaultTask	1
C:/TouchGFXProjects/rAId/Core/Src/main.c:864:6:SendDataToUARTTask	1
C:/TouchGFXProjects/rAId/Core/Src/main.c:979:6:HAL_TIM_PeriodElapsedCallback	2
C:/TouchGFXProjects/rAId/Core/Src/main.c:996:6:Error_Handler	1
C:/TouchGFXProjects/rAId/Core/Src/main.c:305:6:SystemClock_Config	3
C:/TouchGFXProjects/rAId/Core/Src/main.c:165:5:main	13
