C:/TouchGFXProjects/rAId/Core/Src/main.c:719:6:ReceiveMessageTask	48	static
C:/TouchGFXProjects/rAId/Core/Src/main.c:800:6:SendQueryTask	16	static
C:/TouchGFXProjects/rAId/Core/Src/main.c:861:6:StartDefaultTask	8	static
C:/TouchGFXProjects/rAId/Core/Src/main.c:957:6:HAL_TIM_PeriodElapsedCallback	0	static
C:/TouchGFXProjects/rAId/Core/Src/main.c:974:6:Error_Handler	8	static
C:/TouchGFXProjects/rAId/Core/Src/main.c:306:6:SystemClock_Config	136	static
C:/TouchGFXProjects/rAId/Core/Src/main.c:144:5:main	168	static,ignoring_inline_asm
