../Application/User/obd2.c:31:19:OBD2_SendQuery	8	static
../Application/User/obd2.c:66:7:OBD2DecodeEngineLoad	0	static
../Application/User/obd2.c:71:10:OBD2DecodeEngineCoolantTemp	0	static
../Application/User/obd2.c:76:10:OBD2DecodeFuelPressure	0	static
../Application/User/obd2.c:81:10:OBD2DecodeIntakeAirTemp	0	static
../Application/User/obd2.c:86:10:OBD2DecodeEngineSpeed	0	static
../Application/User/obd2.c:91:10:OBD2DecodeRunTime	0	static
../Application/User/obd2.c:96:10:OBD2DecodeVehicleSpeed	0	static
../Application/User/obd2.c:101:7:OBD2DecodeMAFRate	0	static
../Application/User/obd2.c:106:7:OBD2DecodeThrottlePosition	0	static
../Application/User/obd2.c:111:7:OBD2DecodeEngineFuelRate	0	static
../Application/User/obd2.c:117:10:OBD2DecodeManifoldPressure	0	static
../Application/User/obd2.c:122:10:OBD2DecodeOilTemp	0	static
../Application/User/obd2.c:127:10:OBD2DecodeOxySensorVoltage	0	static
../Application/User/obd2.c:132:7:OBD2DecodeOxySensorTrim	0	static
../Application/User/obd2.c:137:6:OBD2DecodeFuelType	0	static
../Application/User/obd2.c:161:6:OBD2DecodeFuelSystemStatus	0	static
../Application/User/obd2.c:188:10:OBD2DecodeDistanceTraveled	0	static
../Application/User/obd2.c:194:6:OBD2DecodeSupportedPIDs	0	static
../Application/User/obd2.c:209:10:OBD2DecodeFuelRailPressure	0	static
../Application/User/obd2.c:213:10:OBD2DecodeDistanceSinceCodeCleared	0	static
../Application/User/obd2.c:217:10:OBD2DecodeAbsoluteBarometricPressure	0	static
../Application/User/obd2.c:222:7:OBD2DecodeCatalystTemperature	0	static
../Application/User/obd2.c:226:7:OBD2DecodeControlModuleVoltage	0	static
../Application/User/obd2.c:230:10:OBD2DecodeAmbientAirTemperature	0	static
../Application/User/obd2.c:234:7:OBD2DecodeAcceleratedPedalPosition	0	static
../Application/User/obd2.c:238:10:OBD2DecodeFuelInjectionTiming	0	static
../Application/User/obd2.c:242:7:OBD2DecodeCommandedThrottlePosition	0	static
../Application/User/obd2.c:246:7:OBD2DecodeCommandedEvaporatePurge	0	static
../Application/User/obd2.c:250:7:OBD2DecodeCommandedEGR	0	static
../Application/User/obd2.c:254:10:OBD2DecodeCommandedEGRError	0	static
../Application/User/obd2.c:258:10:OBD2DecodeFuelTankLevelInput	0	static
